AssertionError [ERR_ASSERTION]: one-row children changed
+ actual - expected
... Skipped lines

  [
    {
      background: 'rgb(255, 255, 255)',
+     bottom: 284,
-     bottom: 340,
      clientWidth: 90,
      color: 'rgb(74, 85, 104)',
      disabled: false,
      font: '14.4px',
      form: null,
...
      internalText: true,
+     left: 104.75,
-     left: 6.3125,
      padding: '8px 20px',
      radius: '4px',
+     right: 197.171875,
-     right: 98.734375,
      scrollWidth: 90,
      tag: 'BUTTON',
      text: 'Confirm',
+     top: 240,
-     top: 296,
      width: 92.421875,
      withinForm: null
    },
    {
      background: 'rgb(255, 255, 255)',
+     bottom: 284,
-     bottom: 340,
      clientWidth: 85,
      color: 'rgb(74, 85, 104)',
      disabled: false,
      font: '14.4px',
      form: null,
...
      internalText: true,
+     left: 209.171875,
-     left: 110.734375,
      padding: '8px 20px',
      radius: '4px',
+     right: 296,
-     right: 197.5625,
      scrollWidth: 85,
      tag: 'BUTTON',
      text: 'Cancel',
+     top: 240,
-     top: 296,
      width: 86.828125,
      withinForm: null
    },
    {
      background: 'rgb(30, 58, 138)',

node:internal/modules/run_main:107
    triggerUncaughtException(
    ^

AssertionError [ERR_ASSERTION]: one-row children changed
+ actual - expected
... Skipped lines

  [
    {
      background: 'rgb(255, 255, 255)',
+     bottom: 284,
-     bottom: 340,
      clientWidth: 90,
      color: 'rgb(74, 85, 104)',
      disabled: false,
      font: '14.4px',
      form: null,
...
      internalText: true,
+     left: 104.75,
-     left: 6.3125,
      padding: '8px 20px',
      radius: '4px',
+     right: 197.171875,
-     right: 98.734375,
      scrollWidth: 90,
      tag: 'BUTTON',
      text: 'Confirm',
+     top: 240,
-     top: 296,
      width: 92.421875,
      withinForm: null
    },
    {
      background: 'rgb(255, 255, 255)',
+     bottom: 284,
-     bottom: 340,
      clientWidth: 85,
      color: 'rgb(74, 85, 104)',
      disabled: false,
      font: '14.4px',
      form: null,
...
      internalText: true,
+     left: 209.171875,
-     left: 110.734375,
      padding: '8px 20px',
      radius: '4px',
+     right: 296,
-     right: 197.5625,
      scrollWidth: 85,
      tag: 'BUTTON',
      text: 'Cancel',
+     top: 240,
-     top: 296,
      width: 86.828125,
      withinForm: null
    },
    {
      background: 'rgb(30, 58, 138)',

    at file:///private/tmp/frontend-raw-buttons-20260911/modal-browser.mjs:10:147 {
  generatedMessage: false,
  code: 'ERR_ASSERTION',
  actual: [
    {
      tag: 'BUTTON',
      text: 'Confirm',
      left: 104.75,
      right: 197.171875,
      top: 240,
      bottom: 284,
      width: 92.421875,
      height: 44,
      color: 'rgb(74, 85, 104)',
      background: 'rgb(255, 255, 255)',
      font: '14.4px',
      radius: '4px',
      padding: '8px 20px',
      inside: true,
      internalText: true,
      scrollWidth: 90,
      clientWidth: 90,
      disabled: false,
      form: null,
      withinForm: null
    },
    {
      tag: 'BUTTON',
      text: 'Cancel',
      left: 209.171875,
      right: 296,
      top: 240,
      bottom: 284,
      width: 86.828125,
      height: 44,
      color: 'rgb(74, 85, 104)',
      background: 'rgb(255, 255, 255)',
      font: '14.4px',
      radius: '4px',
      padding: '8px 20px',
      inside: true,
      internalText: true,
      scrollWidth: 85,
      clientWidth: 85,
      disabled: false,
      form: null,
      withinForm: null
    },
    {
      tag: 'BUTTON',
      text: 'Update',
      left: 209.5625,
      right: 296,
      top: 296,
      bottom: 340,
      width: 86.4375,
      height: 44,
      color: 'rgb(255, 255, 255)',
      background: 'rgb(30, 58, 138)',
      font: '14.4px',
      radius: '4px',
      padding: '8px 20px',
      inside: true,
      internalText: true,
      scrollWidth: 86,
      clientWidth: 86,
      disabled: false,
      form: 'purchase-detail-form',
      withinForm: null
    }
  ],
  expected: [
    {
      tag: 'BUTTON',
      text: 'Confirm',
      left: 6.3125,
      right: 98.734375,
      top: 296,
      bottom: 340,
      width: 92.421875,
      height: 44,
      color: 'rgb(74, 85, 104)',
      background: 'rgb(255, 255, 255)',
      font: '14.4px',
      radius: '4px',
      padding: '8px 20px',
      inside: true,
      internalText: true,
      scrollWidth: 90,
      clientWidth: 90,
      disabled: false,
      form: null,
      withinForm: null
    },
    {
      tag: 'BUTTON',
      text: 'Cancel',
      left: 110.734375,
      right: 197.5625,
      top: 296,
      bottom: 340,
      width: 86.828125,
      height: 44,
      color: 'rgb(74, 85, 104)',
      background: 'rgb(255, 255, 255)',
      font: '14.4px',
      radius: '4px',
      padding: '8px 20px',
      inside: true,
      internalText: true,
      scrollWidth: 85,
      clientWidth: 85,
      disabled: false,
      form: null,
      withinForm: null
    },
    {
      tag: 'BUTTON',
      text: 'Update',
      left: 209.5625,
      right: 296,
      top: 296,
      bottom: 340,
      width: 86.4375,
      height: 44,
      color: 'rgb(255, 255, 255)',
      background: 'rgb(30, 58, 138)',
      font: '14.4px',
      radius: '4px',
      padding: '8px 20px',
      inside: true,
      internalText: true,
      scrollWidth: 86,
      clientWidth: 86,
      disabled: false,
      form: 'purchase-detail-form',
      withinForm: null
    }
  ],
  operator: 'deepStrictEqual',
  diff: 'simple'
}

Node.js v24.12.0
