
> salesanchor-frontend@1.0.0 build-storybook
> storybook build


┌  Building storybook v10.4.6
│
◇  Cleaning outputDir: storybook-static
│
◇  Loading presets
│
◇  Building manager..
│
●  Building preview..
│
▲  No story files found for the specified pattern: src/**/*.mdx
│  Vite vite v8.0.16 building client environment for production...
[2K
transforming...✓ 955 modules transformed.
rendering chunks...
computing gzip size...
│  Vite storybook-static/iframe.html
│  18.95 kB │ gzip:   5.28 kB
│  storybook-static/assets/GoogleCalendarStatusBar-BICCd4DA.css
│  0.07 kB │ gzip:   0.09 kB
│  storybook-static/assets/icons-uggGpz-U.css
│  0.46 kB │ gzip:   0.20 kB
│  storybook-static/assets/ContentToolbar-Vi5U7ilP.css
│  0.50 kB │ gzip:   0.21 kB
│  storybook-static/assets/Card-zlGIrnB9.css
│  0.64 kB │ gzip:   0.28 kB
│  storybook-static/assets/EmptyState-BoNpK_04.css
│  0.77 kB │ gzip:   0.30 kB
│  storybook-static/assets/Drawer-Nhu3x5aQ.css
│  1.24 kB │ gzip:   0.50 kB
│  storybook-static/assets/Modal-R33VD1pw.css
│  1.51 kB │ gzip:   0.55 kB
│  storybook-static/assets/ManagementCenter-BXx7PT5h.css
│  1.55 kB │ gzip:   0.57 kB
│  storybook-static/assets/Tabs-4tN2gRPn.css
│  1.62 kB │ gzip:   0.52 kB
│  storybook-static/assets/Badge-Ba2WMlXm.css
│  1.65 kB │ gzip:   0.43 kB
│  storybook-static/assets/SubMenu-DKBWvIfR.css
│  1.80 kB │ gzip:   0.61 kB
│  storybook-static/assets/DataTable-U888vCZ7.css
│  2.84 kB │ gzip:   0.76 kB
│  storybook-static/assets/AccountSettings-1M8T-q8u.css
│  2.99 kB │ gzip:   0.79 kB
│  storybook-static/assets/FormField-gxdybP0I.css
│  3.32 kB │ gzip:   0.96 kB
│  storybook-static/assets/MobileShell-DF1TfgDM.css
│  5.40 kB │ gzip:   1.20 kB
│  storybook-static/assets/GoalSettingPage-BGaVaNM2.css
│  9.62 kB │ gzip:   1.95 kB
│  storybook-static/assets/Button-DaagBb4-.css
│  12.72 kB │ gzip:   2.78 kB
│  storybook-static/assets/DashboardPage-CbUTN7yy.css
│  16.59 kB │ gzip:   2.44 kB
│  storybook-static/assets/iframe-bjMGsjO7.css
│  19.37 kB │ gzip:   5.50 kB
│  storybook-static/assets/Schedule-DId-343e.css
│  23.51 kB │ gzip:   3.96 kB
│  storybook-static/assets/InboxPage-B3nyOclo.css
│  38.47 kB │ gzip:   5.97 kB
│  storybook-static/assets/FormField-o08Rv22m.js
│  0.07 kB │ gzip:   0.09 kB
│  storybook-static/assets/InboxPage-CuJyiR6S.js
│  0.07 kB │ gzip:   0.09 kB
│  storybook-static/assets/react-BS0EfgpL.js
│  0.08 kB │ gzip:   0.10 kB
│  storybook-static/assets/iconSizes-CB-Mtdzy.js
│  0.11 kB │ gzip:   0.13 kB
│  storybook-static/assets/chunk-242VQQM5-D_TF1fLq.js
│  0.22 kB │ gzip:   0.19 kB
│  storybook-static/assets/chunk-S2IHWCOG-tZqbQ3Kv.js
│  0.24 kB │ gzip:   0.17 kB
│  storybook-static/assets/formatter-L2YTDE3Q-gEGbK5kD.js
│  0.27 kB │ gzip:   0.22 kB
│  storybook-static/assets/jsx-runtime-2n2CL0JK.js
│  0.71 kB │ gzip:   0.46 kB
│  storybook-static/assets/react-18-D-BKaF1n.js
│  1.00 kB │ gzip:   0.57 kB
│  storybook-static/assets/GoalSettingPage.stories-CfattJmc.js
│  1.46 kB │ gzip:   0.72 kB
│  storybook-static/assets/TextField-ChN0k6Zp.js
│  1.51 kB │ gzip:   0.69 kB
│  storybook-static/assets/Textarea-C3ivX3oS.js
│  1.52 kB │ gzip:   0.69 kB
│  storybook-static/assets/Badge-BRupSba0.js
│  1.92 kB │ gzip:   0.85 kB
│  storybook-static/assets/Schedule.stories-BcHxy7Qw.js
│  2.05 kB │ gzip:   0.85 kB
│  storybook-static/assets/ContactChannelLinks.stories-Dplqoa5D.js
│  2.07 kB │ gzip:   1.07 kB
│  storybook-static/assets/preload-helper-xPQekRTU.js
│  2.34 kB │ gzip:   1.24 kB
│  storybook-static/assets/Modal-Bta5y0SD.js
│  2.36 kB │ gzip:   1.05 kB
│  storybook-static/assets/ContentToolbar.stories-I0NPnqPP.js
│  2.39 kB │ gzip:   1.18 kB
│  storybook-static/assets/NavDropdown.stories-DFXOpwt0.js
│  2.42 kB │ gzip:   1.24 kB
│  storybook-static/assets/ManagementCenter.stories-Of64_Zco.js
│  2.43 kB │ gzip:   0.85 kB
│  storybook-static/assets/api-DeKMxhif.js
│  2.68 kB │ gzip:   1.18 kB
│  storybook-static/assets/Select-BxfdSv4j.js
│  3.20 kB │ gzip:   0.95 kB
│  storybook-static/assets/AccountSettings.stories-BvSBkYb_.js
│  3.32 kB │ gzip:   0.93 kB
│  storybook-static/assets/Textarea.stories-CcTjBS4V.js
│  3.37 kB │ gzip:   1.20 kB
│  storybook-static/assets/PageLayout.stories-BdxV5RK-.js
│  3.59 kB │ gzip:   1.13 kB
│  storybook-static/assets/PriorityScoreBadge.stories-Dyqq_-DQ.js
│  3.66 kB │ gzip:   1.31 kB
│  storybook-static/assets/NavItemList.stories-Dca0FBva.js
│  3.69 kB │ gzip:   1.33 kB
│  storybook-static/assets/ConfirmModal.stories-BcmJbK72.js
│  3.78 kB │ gzip:   1.37 kB
│  storybook-static/assets/TextField.stories-DpsX2Oyo.js
│  3.82 kB │ gzip:   1.29 kB
│  storybook-static/assets/Badge.stories-B9cpNNVn.js
│  3.95 kB │ gzip:   0.94 kB
│  storybook-static/assets/EmptyState.stories-BiChbJ-o.js
│  3.95 kB │ gzip:   1.61 kB
│  storybook-static/assets/chunk-3LY4VQVK-bSNj2XFK.js
│  4.03 kB │ gzip:   1.71 kB
│  storybook-static/assets/PriorityScoreOverride.stories-CN4GUGaW.js
│  4.20 kB │ gzip:   1.88 kB
│  storybook-static/assets/Select.stories-SwuBydlV.js
│  4.54 kB │ gzip:   1.38 kB
│  storybook-static/assets/GoogleCalendarStatusBar.stories-DFt6fiba.js
│  4.64 kB │ gzip:   1.89 kB
│  storybook-static/assets/CountryCombobox.stories-AkQskF5p.js
│  4.82 kB │ gzip:   2.02 kB
│  storybook-static/assets/Card.stories-BSz76BiD.js
│  5.15 kB │ gzip:   1.56 kB
│  storybook-static/assets/SubMenu.stories-BV7EXNVA.js
│  5.19 kB │ gzip:   1.78 kB
│  storybook-static/assets/ChannelTypeCombobox.stories-Dt3YkPNL.js
│  5.31 kB │ gzip:   2.13 kB
│  storybook-static/assets/CommissionPanel.stories-Ce0XHYzb.js
│  5.33 kB │ gzip:   2.05 kB
│  storybook-static/assets/Modal.stories-Dz7Pb7DU.js
│  5.56 kB │ gzip:   1.36 kB
│  storybook-static/assets/Drawer.stories-gJngrx7n.js
│  5.58 kB │ gzip:   2.04 kB
│  storybook-static/assets/OrderFinancialPanel.stories-BDO0t7mF.js
│  5.90 kB │ gzip:   2.30 kB
│  storybook-static/assets/statusPresentation-SAmMbNtZ.js
│  6.05 kB │ gzip:   1.07 kB
│  storybook-static/assets/CompanyContactSelector.stories-CspiIg6j.js
│  6.39 kB │ gzip:   2.45 kB
│  storybook-static/assets/DesktopShell.stories-DTqGcJcj.js
│  6.47 kB │ gzip:   1.59 kB
│  storybook-static/assets/Tabs.stories-F-7dFRks.js
│  6.84 kB │ gzip:   1.99 kB
│  storybook-static/assets/MergeCompanyModal.stories-CzGpfDcM.js
│  7.37 kB │ gzip:   2.72 kB
│  storybook-static/assets/MergeLeadModal.stories-imrMR3w8.js
│  7.41 kB │ gzip:   2.74 kB
│  storybook-static/assets/PurchaseDetailPanel.stories-D88VFQCR.js
│  7.45 kB │ gzip:   2.30 kB
│  storybook-static/assets/HeaderButton.stories-3c0hOOqa.js
│  7.50 kB │ gzip:   1.77 kB
│  storybook-static/assets/ContactChannelForm.stories-DacILIsa.js
│  7.62 kB │ gzip:   2.76 kB
│  storybook-static/assets/InventoryPicker.stories-b7RjtDOd.js
│  7.68 kB │ gzip:   3.29 kB
│  storybook-static/assets/MergeContactModal.stories-Dt0C3pI1.js
│  8.65 kB │ gzip:   3.02 kB
│  storybook-static/assets/InboxPage.stories-CYYMp-BL.js
│  8.84 kB │ gzip:   1.63 kB
│  storybook-static/assets/FedExRateModal.stories-DK-ggugS.js
│  8.98 kB │ gzip:   2.71 kB
│  storybook-static/assets/DashboardPage.stories-C97Kedms.js
│  9.01 kB │ gzip:   1.99 kB
│  storybook-static/assets/Button.stories-CfCL82lL.js
│  9.09 kB │ gzip:   2.21 kB
│  storybook-static/assets/InboxHeaderMenu.stories-Dpe17uKm.js
│  9.63 kB │ gzip:   2.16 kB
│  storybook-static/assets/ShippingDetailPanel.stories-DRr1_VgM.js
│  9.73 kB │ gzip:   2.83 kB
│  storybook-static/assets/MobileShell.stories-DPnUPuDJ.js
│  10.35 kB │ gzip:   2.18 kB
│  storybook-static/assets/InventorySearchBar.stories-Bm44y3rk.js
│  10.45 kB │ gzip:   3.82 kB
│  storybook-static/assets/DataTable.stories-DFMXrwC8.js
│  11.80 kB │ gzip:   4.02 kB
│  storybook-static/assets/Button-G7LvpKb8.js
│  12.17 kB │ gzip:   3.72 kB
│  storybook-static/assets/chunk-LITCR56V-BXc84key.js
│  22.01 kB │ gzip:   7.33 kB
│  storybook-static/vite-inject-mocker-entry.js
│  27.81 kB │ gzip:   9.63 kB
│  storybook-static/assets/matchers-5TDFFDYO-DfTG6O73.js
│  28.76 kB │ gzip:   9.66 kB
│  storybook-static/assets/Color-23OOGO2C-kYYTz1kh.js
│  30.94 kB │ gzip:  11.63 kB
│  storybook-static/assets/WithTooltip-7X4HQR7L-9Od5QRPR.js
│  33.24 kB │ gzip:  11.67 kB
│  storybook-static/assets/dist-2TrWZEHT.js
│  38.82 kB │ gzip:  14.00 kB
│  storybook-static/assets/theming-BtWn3Uzi.js
│  55.32 kB │ gzip:  21.38 kB
│  storybook-static/assets/icons-DjzHcbHF.js
│  59.11 kB │ gzip:  14.77 kB
│  storybook-static/assets/syntaxhighlighter-RTCFPKCB-DA8YgGZi.js
│  76.53 kB │ gzip:  27.55 kB
│  storybook-static/assets/react-dom-kKL8woNJ.js
│  132.73 kB │ gzip:  43.08 kB
│  storybook-static/assets/DocsRenderer-LL677BLK-BhRvdMXx.js
│  184.71 kB │ gzip:  58.73 kB
│  storybook-static/assets/components-CtXNSi04.js
│  548.87 kB │ gzip: 174.57 kB
│  storybook-static/assets/axe-mFnqjVvd.js
│  571.05 kB │ gzip: 155.78 kB
│  storybook-static/assets/iframe-Dtx303AW.js
│  1,403.41 kB │ gzip: 411.40 kB

│  Vite ✓ built in 10.18s
│
▲  Vite [plugin builtin:vite-reporter]
│  (!) Some chunks are larger than 500 kB after minification. Consider:
│  - Using dynamic import() to code-split the application
│  - Use build.rolldownOptions.output.codeSplitting to improve chunking:
│  https://rolldown.rs/reference/OutputOptions.codeSplitting
│  - Adjust chunk size limit for this warning via
│  build.chunkSizeWarningLimit.
│
●  Storybook collects completely anonymous usage telemetry. We use it to
│  shape Storybook's roadmap and prioritize features. You can learn more,
│  including how to opt out, at https://storybook.js.org/telemetry
│
◇  Output directory:
│  /Users/tanizawashingo/worktrees/salesanchor/release-frontend-raw-buttons-shared/frontend/storybook-static
│
└  Storybook build completed successfully
