
> salesanchor-frontend@1.0.0 prebuild
> npm run generate:icon-sizes


> salesanchor-frontend@1.0.0 generate:icon-sizes
> node scripts/generate-icon-sizes.js


> salesanchor-frontend@1.0.0 build
> tsc && vite build

vite v8.0.16 building client environment for production...
[2K
transforming...✓ 1553 modules transformed.
rendering chunks...
computing gzip size...
dist/index.html                     1.08 kB │ gzip:   0.49 kB
dist/assets/index--rGczVRQ.css    249.35 kB │ gzip:  37.77 kB
dist/assets/index-CLf6Iv-0.js   1,883.66 kB │ gzip: 491.53 kB

[33m[INEFFECTIVE_DYNAMIC_IMPORT] [0msrc/lib/firebase-auth.ts is dynamically imported by src/pages/erp/ERPPage.tsx but also statically imported by src/contexts/AuthContext.tsx, src/pages/account-settings/SecuritySection.tsx, dynamic import will not move module into another chunk.

[plugin builtin:vite-reporter]
(!) Some chunks are larger than 500 kB after minification. Consider:
- Using dynamic import() to code-split the application
- Use build.rolldownOptions.output.codeSplitting to improve chunking: https://rolldown.rs/reference/OutputOptions.codeSplitting
- Adjust chunk size limit for this warning via build.chunkSizeWarningLimit.
✓ built in 1.37s
