AssertionError [ERR_ASSERTION]: one-row children changed
+ actual - expected

  [
    {
      background: 'rgb(255, 255, 255)',
+     bottom: 284,
+     clientWidth: 69,
-     bottom: 340,
-     clientWidth: 68,
      color: 'rgb(74, 85, 104)',
      disabled: false,
      font: '14.4px',
      form: null,
+     height: 44,
-     height: 62,
      inside: true,
      insideContent: true,
      internalText: true,
+     left: 99.75,
-     left: 24,
      padding: '8px 20px',
      radius: '4px',
+     right: 170.5625,
+     scrollWidth: 69,
-     right: 93.6875,
-     scrollWidth: 68,
      tag: 'BUTTON',
      text: '確定',
+     top: 240,
+     width: 70.8125,
-     top: 278,
-     width: 69.6875,
      withinForm: null
    },
    {
      background: 'rgb(255, 255, 255)',
+     bottom: 284,
+     clientWidth: 111,
-     bottom: 340,
-     clientWidth: 109,
      color: 'rgb(74, 85, 104)',
      disabled: false,
      font: '14.4px',
      form: null,
+     height: 44,
-     height: 62,
      inside: true,
      insideContent: true,
      internalText: true,
+     left: 182.5625,
-     left: 105.6875,
      padding: '8px 20px',
      radius: '4px',
+     right: 296,
+     scrollWidth: 111,
-     right: 216.3125,
-     scrollWidth: 109,
      tag: 'BUTTON',
      text: 'キャンセル',
+     top: 240,
+     width: 113.4375,
-     top: 278,
-     width: 110.625,
      withinForm: null
    },
    {
      background: 'rgb(30, 58, 138)',
+     bottom: 340,
+     clientWidth: 69,
-     bottom: 339,
-     clientWidth: 68,
      color: 'rgb(255, 255, 255)',
      disabled: false,
      font: '14.4px',
      form: 'purchase-detail-form',
+     height: 44,
-     height: 60,
      inside: true,
      insideContent: true,
      internalText: true,
+     left: 227.1875,
-     left: 228.3125,
      padding: '8px 20px',
      radius: '4px',
      right: 296,
+     scrollWidth: 69,
-     scrollWidth: 68,
      tag: 'BUTTON',
      text: '更新',
+     top: 296,
+     width: 68.8125,
-     top: 279,
-     width: 67.6875,
      withinForm: null
    }
  ]

node:internal/modules/run_main:107
    triggerUncaughtException(
    ^

AssertionError [ERR_ASSERTION]: one-row children changed
+ actual - expected

  [
    {
      background: 'rgb(255, 255, 255)',
+     bottom: 284,
+     clientWidth: 69,
-     bottom: 340,
-     clientWidth: 68,
      color: 'rgb(74, 85, 104)',
      disabled: false,
      font: '14.4px',
      form: null,
+     height: 44,
-     height: 62,
      inside: true,
      insideContent: true,
      internalText: true,
+     left: 99.75,
-     left: 24,
      padding: '8px 20px',
      radius: '4px',
+     right: 170.5625,
+     scrollWidth: 69,
-     right: 93.6875,
-     scrollWidth: 68,
      tag: 'BUTTON',
      text: '確定',
+     top: 240,
+     width: 70.8125,
-     top: 278,
-     width: 69.6875,
      withinForm: null
    },
    {
      background: 'rgb(255, 255, 255)',
+     bottom: 284,
+     clientWidth: 111,
-     bottom: 340,
-     clientWidth: 109,
      color: 'rgb(74, 85, 104)',
      disabled: false,
      font: '14.4px',
      form: null,
+     height: 44,
-     height: 62,
      inside: true,
      insideContent: true,
      internalText: true,
+     left: 182.5625,
-     left: 105.6875,
      padding: '8px 20px',
      radius: '4px',
+     right: 296,
+     scrollWidth: 111,
-     right: 216.3125,
-     scrollWidth: 109,
      tag: 'BUTTON',
      text: 'キャンセル',
+     top: 240,
+     width: 113.4375,
-     top: 278,
-     width: 110.625,
      withinForm: null
    },
    {
      background: 'rgb(30, 58, 138)',
+     bottom: 340,
+     clientWidth: 69,
-     bottom: 339,
-     clientWidth: 68,
      color: 'rgb(255, 255, 255)',
      disabled: false,
      font: '14.4px',
      form: 'purchase-detail-form',
+     height: 44,
-     height: 60,
      inside: true,
      insideContent: true,
      internalText: true,
+     left: 227.1875,
-     left: 228.3125,
      padding: '8px 20px',
      radius: '4px',
      right: 296,
+     scrollWidth: 69,
-     scrollWidth: 68,
      tag: 'BUTTON',
      text: '更新',
+     top: 296,
+     width: 68.8125,
-     top: 279,
-     width: 67.6875,
      withinForm: null
    }
  ]

    at file:///private/tmp/frontend-raw-buttons-20260911/modal-browser-v2.mjs:10:86 {
  generatedMessage: false,
  code: 'ERR_ASSERTION',
  actual: [
    {
      tag: 'BUTTON',
      text: '確定',
      left: 99.75,
      right: 170.5625,
      top: 240,
      bottom: 284,
      width: 70.8125,
      height: 44,
      color: 'rgb(74, 85, 104)',
      background: 'rgb(255, 255, 255)',
      font: '14.4px',
      radius: '4px',
      padding: '8px 20px',
      insideContent: true,
      inside: true,
      internalText: true,
      scrollWidth: 69,
      clientWidth: 69,
      disabled: false,
      form: null,
      withinForm: null
    },
    {
      tag: 'BUTTON',
      text: 'キャンセル',
      left: 182.5625,
      right: 296,
      top: 240,
      bottom: 284,
      width: 113.4375,
      height: 44,
      color: 'rgb(74, 85, 104)',
      background: 'rgb(255, 255, 255)',
      font: '14.4px',
      radius: '4px',
      padding: '8px 20px',
      insideContent: true,
      inside: true,
      internalText: true,
      scrollWidth: 111,
      clientWidth: 111,
      disabled: false,
      form: null,
      withinForm: null
    },
    {
      tag: 'BUTTON',
      text: '更新',
      left: 227.1875,
      right: 296,
      top: 296,
      bottom: 340,
      width: 68.8125,
      height: 44,
      color: 'rgb(255, 255, 255)',
      background: 'rgb(30, 58, 138)',
      font: '14.4px',
      radius: '4px',
      padding: '8px 20px',
      insideContent: true,
      inside: true,
      internalText: true,
      scrollWidth: 69,
      clientWidth: 69,
      disabled: false,
      form: 'purchase-detail-form',
      withinForm: null
    }
  ],
  expected: [
    {
      tag: 'BUTTON',
      text: '確定',
      left: 24,
      right: 93.6875,
      top: 278,
      bottom: 340,
      width: 69.6875,
      height: 62,
      color: 'rgb(74, 85, 104)',
      background: 'rgb(255, 255, 255)',
      font: '14.4px',
      radius: '4px',
      padding: '8px 20px',
      insideContent: true,
      inside: true,
      internalText: true,
      scrollWidth: 68,
      clientWidth: 68,
      disabled: false,
      form: null,
      withinForm: null
    },
    {
      tag: 'BUTTON',
      text: 'キャンセル',
      left: 105.6875,
      right: 216.3125,
      top: 278,
      bottom: 340,
      width: 110.625,
      height: 62,
      color: 'rgb(74, 85, 104)',
      background: 'rgb(255, 255, 255)',
      font: '14.4px',
      radius: '4px',
      padding: '8px 20px',
      insideContent: true,
      inside: true,
      internalText: true,
      scrollWidth: 109,
      clientWidth: 109,
      disabled: false,
      form: null,
      withinForm: null
    },
    {
      tag: 'BUTTON',
      text: '更新',
      left: 228.3125,
      right: 296,
      top: 279,
      bottom: 339,
      width: 67.6875,
      height: 60,
      color: 'rgb(255, 255, 255)',
      background: 'rgb(30, 58, 138)',
      font: '14.4px',
      radius: '4px',
      padding: '8px 20px',
      insideContent: true,
      inside: true,
      internalText: true,
      scrollWidth: 68,
      clientWidth: 68,
      disabled: false,
      form: 'purchase-detail-form',
      withinForm: null
    }
  ],
  operator: 'deepStrictEqual',
  diff: 'simple'
}

Node.js v24.12.0
